Fetching viable test target...
node.exe : (node:39692) Warning: SECURITY WARNING: The SSL modes 'prefer', 'require', and 'verify-ca' are treated as aliases for 'verify-full'.
At line:1 char:1
+ & "C:\Program Files\nodejs/node.exe" "C:\Users\stell\AppData\Roaming\ ...
+ ~~~~~~~~~~~~~~~~~~~~~~~~~~~~~~~~~~~~~~~~~~~~~~~~~~~~~~~~~~~~~~~~~~~~~
    + CategoryInfo          : NotSpecified: ((node:39692) Wa... 'verify-full'.:String) [], RemoteException
    + FullyQualifiedErrorId : NativeCommandError
 
In the next major version (pg-connection-string v3.0.0 and pg v9.0.0), these modes will adopt standard libpq semantics, which have weaker security guarantees.

To prepare for this change:
- If you want the current behavior, explicitly use 'sslmode=verify-full'
- If you want libpq compatibility now, use 'uselibpqcompat=true&sslmode=require'

See https://www.postgresql.org/docs/current/libpq-ssl.html for libpq SSL mode definitions.
(Use `node --trace-warnings ...` to show where the warning was created)


=== RUNNING SCENARIO: normal ===

======================================
­ƒÜÇ VOXMARKET BILLING STRESS TEST SUITE
======================================
Mode: NORMAL | Voice: cmnyzulvb0002a0jm6xtpno6d | User: cmnyzult10001a0jmoksq4n47
(node:47092) Warning: SECURITY WARNING: The SSL modes 'prefer', 'require', and 'verify-ca' are treated as aliases for 'verify-full'.
In the next major version (pg-connection-string v3.0.0 and pg v9.0.0), these modes will adopt standard libpq semantics, which have weaker security guarantees.

To prepare for this change:
- If you want the current behavior, explicitly use 'sslmode=verify-full'
- If you want libpq compatibility now, use 'uselibpqcompat=true&sslmode=require'

See https://www.postgresql.org/docs/current/libpq-ssl.html for libpq SSL mode definitions.
(Use `node --trace-warnings ...` to show where the warning was created)
Plan Limits -> Included: 10000 | Absolute Ceiling: 100000

ÔÅ│ Resetting and Seeding state...
[TEST] Reset complete for user cmnyzult10001a0jmoksq4n47 and voice cmnyzulvb0002a0jm6xtpno6d
State seeded to 0 used chars.

­ƒÆÑ FIRING LOAD: 3 concurrent reqs, 100 chars each...

­ƒôè RESULTS IN 5289ms
Req 1: SUCCESS (Audio Generated)
Req 2: SUCCESS (Audio Generated)
Req 3: SUCCESS (Audio Generated)

­ƒôï SUMMARY
Target Mode: normal
Attempted: 3
Successes: 3
Blocked (Ceiling/Limits): 0
Failures (500s/Stripe/TTS): 0

VERDICT: Ô£à PASS


=== RUNNING SCENARIO: near_limit ===

======================================
­ƒÜÇ VOXMARKET BILLING STRESS TEST SUITE
======================================
Mode: NEAR_LIMIT | Voice: cmnyzulvb0002a0jm6xtpno6d | User: cmnyzult10001a0jmoksq4n47
(node:56204) Warning: SECURITY WARNING: The SSL modes 'prefer', 'require', and 'verify-ca' are treated as aliases for 'verify-full'.
In the next major version (pg-connection-string v3.0.0 and pg v9.0.0), these modes will adopt standard libpq semantics, which have weaker security guarantees.

To prepare for this change:
- If you want the current behavior, explicitly use 'sslmode=verify-full'
- If you want libpq compatibility now, use 'uselibpqcompat=true&sslmode=require'

See https://www.postgresql.org/docs/current/libpq-ssl.html for libpq SSL mode definitions.
(Use `node --trace-warnings ...` to show where the warning was created)
Plan Limits -> Included: 10000 | Absolute Ceiling: 100000

ÔÅ│ Resetting and Seeding state...
[TEST] Reset complete for user cmnyzult10001a0jmoksq4n47 and voice cmnyzulvb0002a0jm6xtpno6d
[TEST] Seeded 9950 chars for user cmnyzult10001a0jmoksq4n47
State seeded to 9950 used chars.

­ƒÆÑ FIRING LOAD: 1 concurrent reqs, 100 chars each...

­ƒôè RESULTS IN 2580ms
Req 1: ERROR -> Internal server error while generating audio

­ƒôï SUMMARY
Target Mode: near_limit
Attempted: 1
Successes: 0
Blocked (Ceiling/Limits): 0
Failures (500s/Stripe/TTS): 1

VERDICT: ÔØî FAIL
Scenario near_limit failed execution.
